自動測試報告 - line.html
測試執行時間: 2024-09-19T13:09:27.773Z

測試摘要:
總測試數: 10
通過: 7
失敗: 3
跳過: 0

詳細結果:
✅ 遊戲畫布加載 - passed
   預期行為: 遊戲畫布元素存在
   實際結果: 找到遊戲畫布元素

✅ 速度選擇器存在 - passed
   預期行為: 速度選擇器元素存在
   實際結果: 找到速度選擇器元素

✅ 初始分數為0 - passed
   預期行為: 貪食蛇和俄羅斯方塊的初始分數都為0
   實際結果: 貪食蛇初始分數: 0, 俄羅斯方塊初始分數: 0

✅ 按鍵操作反應 (貪食蛇) - passed
   預期行為: 蛇向右移動一格
   實際結果: 蛇的位置發生變化

❌ 蛇吃到水果 - failed
   預期行為: 蛇吃到水果後分數增加
   實際結果: 分數沒有變化
   錯誤信息: Cannot read properties of undefined (reading 'snake')

❌ 遊戲模式切換 - failed
   預期行為: 遊戲模式從貪食蛇切換到俄羅斯方塊
   實際結果: 無法檢測到遊戲模式的切換
   錯誤信息: Cannot read properties of undefined (reading 'currentMode')

✅ 按鍵操作反應 (俄羅斯方塊) - passed
   預期行為: 方塊向左移動一格
   實際結果: 方塊的位置發生變化

✅ 方塊旋轉 - passed
   預期行為: 方塊旋轉
   實際結果: 方塊的形狀發生變化

❌ 行消除 - failed
   預期行為: 一行被填滿後，該行被消除，分數增加
   實際結果: 分數沒有變化
   錯誤信息: Cannot read properties of undefined (reading 'tetris')

✅ 遊戲重新開始 - passed
   預期行為: 重新開始後，貪食蛇和俄羅斯方塊的分數都重置為0
   實際結果: 重新開始後，貪食蛇分數: 0, 俄羅斯方塊分數: 0

性能指標:
- 測試執行總時間: 7.22 秒
- 平均每個測試執行時間: 0.72 秒

結論:
測試中發現 3 個問題。請檢查失敗的測試並進行修復。
